Resolving dependencies...
Downloading packages...
+ _flutterfire_internals 1.3.77
+ app_links 7.2.1
+ app_links_linux 1.0.3
+ app_links_platform_interface 2.0.4
+ app_links_web 1.0.4
+ args 2.7.0
+ async 2.13.1
+ audio_service 0.18.19
+ audio_service_platform_interface 0.1.3
+ audio_service_web 0.1.4
+ audio_session 0.2.4
+ boolean_selector 2.1.2
+ characters 1.4.1
+ clock 1.1.3
+ cloud_firestore 6.10.0
+ cloud_firestore_platform_interface 8.0.7
+ cloud_firestore_web 5.7.3
+ code_assets 2.1.0
+ collection 1.19.1
+ connectivity_plus 7.3.1 (7.3.2 available)
+ connectivity_plus_platform_interface 2.1.0
+ convert 3.1.2
+ cross_file 0.3.5+5 (0.4.0 available)
+ crypto 3.0.7
+ cupertino_ui 1.1.1
+ dart_jsonwebtoken 3.4.1
+ dbus 0.7.15 (0.8.0 available)
+ device_info_plus 13.3.0
+ device_info_plus_platform_interface 8.1.0
+ equatable 2.1.0 (3.0.0 available)
+ fake_async 1.3.3
+ ffi 2.2.0
+ ffi_leak_tracker 0.1.2
+ file 7.0.1
+ firebase_analytics 12.6.0
+ firebase_analytics_platform_interface 6.0.7
+ firebase_analytics_web 0.6.1+13
+ firebase_auth 6.7.0
+ firebase_auth_platform_interface 9.1.0
+ firebase_auth_web 6.3.0
+ firebase_core 4.15.0
+ firebase_core_platform_interface 8.1.1
+ firebase_core_web 3.12.0
+ firebase_crashlytics 5.4.0
+ firebase_crashlytics_platform_interface 3.9.0
+ firebase_messaging 16.7.0
+ firebase_messaging_platform_interface 4.10.0
+ firebase_messaging_web 4.2.5
+ firebase_remote_config 6.7.0
+ firebase_remote_config_platform_interface 3.0.7
+ firebase_remote_config_web 1.10.14
+ fixnum 1.1.1
+ fl_chart 1.2.0
+ flutter 0.0.0 from sdk flutter
+ flutter_cache_manager 3.4.5
+ flutter_lints 6.0.0
+ flutter_local_notifications 22.3.1
+ flutter_local_notifications_linux 8.0.1
+ flutter_local_notifications_platform_interface 12.2.0
+ flutter_local_notifications_web 1.0.0
+ flutter_local_notifications_windows 3.1.1
+ flutter_localizations 0.0.0 from sdk flutter
+ flutter_riverpod 3.4.3
+ flutter_secure_storage 11.2.0
+ flutter_secure_storage_darwin 0.4.3
+ flutter_secure_storage_linux 3.0.3
+ flutter_secure_storage_platform_interface 2.1.1
+ flutter_secure_storage_web 2.1.1
+ flutter_secure_storage_windows 4.2.2
+ flutter_test 0.0.0 from sdk flutter
+ flutter_web_plugins 0.0.0 from sdk flutter
+ functions_client 2.7.1
+ geoclue 0.1.1
+ geolocator 14.1.1
+ geolocator_android 5.1.1+1
+ geolocator_apple 2.3.14
+ geolocator_linux 0.2.6
+ geolocator_platform_interface 4.4.0
+ geolocator_web 4.1.4
+ geolocator_windows 0.2.5
+ glob 2.2.0
+ go_router 18.0.2
+ google_mobile_ads 9.1.0
+ gotrue 2.27.2
+ gsettings 0.2.8 (0.2.9 available)
+ gtk 2.2.0
+ hooks 2.2.0
+ http 1.6.0
+ http_parser 4.1.2
+ in_app_purchase 3.3.1
+ in_app_purchase_android 0.5.3
+ in_app_purchase_platform_interface 1.4.1
+ in_app_purchase_storekit 0.4.13
+ intl 0.20.3
+ jni 1.1.0
+ jni_flutter 1.0.3
+ jni_util 1.0.0
+ js 0.7.2
+ json_annotation 4.12.0
+ just_audio 0.10.6
+ just_audio_background 0.0.1-beta.17
+ just_audio_platform_interface 4.6.0
+ just_audio_web 0.4.16
+ leak_tracker 11.0.2
+ leak_tracker_flutter_testing 3.0.10
+ leak_tracker_testing 3.0.2
+ lints 6.1.0
+ listen 1.0.1
+ logging 1.3.0
+ matcher 0.12.20
+ material_color_utilities 0.13.0 (0.13.1 available)
+ material_ui 1.5.0
+ meta 1.19.0
+ mime 2.1.0
+ native_toolchain_c 0.19.5
+ nm 0.5.0 (0.6.0 available)
+ objective_c 9.6.2
+ package_config 3.0.0
+ package_info_plus 10.2.2
+ package_info_plus_platform_interface 4.1.0
+ passkeys_platform_interface 2.10.0
+ path 1.9.1
+ path_provider 2.1.6
+ path_provider_android 2.3.1
+ path_provider_foundation 2.6.0
+ path_provider_linux 2.2.2
+ path_provider_platform_interface 2.1.3
+ path_provider_windows 2.3.0
+ petitparser 7.1.0
+ platform 3.2.0
+ plugin_platform_interface 2.1.8
+ pointycastle 4.0.0
+ postgrest 2.9.1
+ process 5.0.6
+ pub_semver 2.2.1
+ realtime_client 2.13.0
+ record_use 1.1.1
+ riverpod 3.4.3
+ rxdart 0.28.0
+ scrollable_positioned_list 0.3.8
+ share_plus 13.3.1
+ share_plus_platform_interface 7.2.0
+ shared_preferences 2.5.5
+ shared_preferences_android 2.4.28
+ shared_preferences_foundation 2.5.7
+ shared_preferences_linux 2.4.1
+ shared_preferences_platform_interface 2.4.2
+ shared_preferences_web 2.4.3
+ shared_preferences_windows 2.4.1
+ sky_engine 0.0.0 from sdk flutter
+ source_span 1.10.2
+ sqflite 2.4.4
+ sqflite_android 2.4.4
+ sqflite_common 2.5.13
+ sqflite_common_ffi 2.4.3
+ sqflite_darwin 2.4.4
+ sqflite_platform_interface 2.4.2
+ sqlite3 3.7.0
+ stack_trace 1.12.2
+ state_notifier 1.0.0
+ storage_client 2.8.1
+ stream_channel 2.1.4
+ string_scanner 1.4.1
+ supabase 2.16.2
+ supabase_common 0.1.2
+ supabase_flutter 2.18.0
+ synchronized 3.4.2
+ term_glyph 1.2.2
+ test_api 0.7.12 (0.7.14 available)
+ timezone 0.11.1
+ typed_data 1.4.0
+ url_launcher 6.3.3
+ url_launcher_android 6.3.33
+ url_launcher_ios 6.4.2
+ url_launcher_linux 3.2.3
+ url_launcher_macos 3.2.6
+ url_launcher_platform_interface 2.3.2
+ url_launcher_web 2.4.3
+ url_launcher_windows 3.1.6
+ uuid 4.6.0
+ vector_math 2.4.3
+ vibration 3.2.1
+ vibration_platform_interface 0.1.2
+ vm_service 15.3.0
+ web 1.1.1
+ web_socket 1.0.1
+ web_socket_channel 3.0.3
+ webview_flutter 4.14.1
+ webview_flutter_android 4.14.1
+ webview_flutter_platform_interface 2.15.1
+ webview_flutter_wkwebview 3.27.0
+ win32 6.4.0
+ win32_registry 3.0.3
+ xdg_directories 1.1.0
+ xml 7.1.0
+ yaml 3.1.4
+ yet_another_json_isolate 2.1.1
Changed 197 dependencies!
8 packages have newer versions incompatible with dependency constraints.
Try `flutter pub outdated` for more information.
Upgrading analysis_options.yaml to exclude build and platform directories.
